
  .   ____          _            __ _ _
 /\\ / ___'_ __ _ _(_)_ __  __ _ \ \ \ \
( ( )\___ | '_ | '_| | '_ \/ _` | \ \ \ \
 \\/  ___)| |_)| | | | | || (_| |  ) ) ) )
  '  |____| .__|_| |_|_| |_\__, | / / / /
 =========|_|==============|___/=/_/_/_/
 :: Spring Boot ::                (v3.2.2)

2026-02-20T17:14:11.868+05:30  INFO 3384 --- [fleet-track-backend] [           main] c.f.backend.FleetTrackApplication        : Starting FleetTrackApplication v0.0.1-SNAPSHOT using Java 17.0.17 with PID 3384 (C:\Users\YogeshYP\Desktop\Fleet Track\backend-java\target\backend-0.0.1-SNAPSHOT.jar started by YogeshYP in C:\Users\YogeshYP\Desktop\Fleet Track\backend-java)
2026-02-20T17:14:11.892+05:30  INFO 3384 --- [fleet-track-backend] [           main] c.f.backend.FleetTrackApplication        : No active profile set, falling back to 1 default profile: "default"
2026-02-20T17:14:23.181+05:30  INFO 3384 --- [fleet-track-backend] [           main] o.s.b.w.embedded.tomcat.TomcatWebServer  : Tomcat initialized with port 8081 (http)
2026-02-20T17:14:23.289+05:30  INFO 3384 --- [fleet-track-backend] [           main] o.apache.catalina.core.StandardService   : Starting service [Tomcat]
2026-02-20T17:14:23.291+05:30  INFO 3384 --- [fleet-track-backend] [           main] o.apache.catalina.core.StandardEngine    : Starting Servlet engine: [Apache Tomcat/10.1.18]
2026-02-20T17:14:23.756+05:30  INFO 3384 --- [fleet-track-backend] [           main] o.a.c.c.C.[Tomcat].[localhost].[/]       : Initializing Spring embedded WebApplicationContext
2026-02-20T17:14:23.775+05:30  INFO 3384 --- [fleet-track-backend] [           main] w.s.c.ServletWebServerApplicationContext : Root WebApplicationContext: initialization completed in 11393 ms
2026-02-20T17:14:31.285+05:30  INFO 3384 --- [fleet-track-backend] [           main] o.s.b.w.embedded.tomcat.TomcatWebServer  : Tomcat started on port 8081 (http) with context path ''
2026-02-20T17:14:31.295+05:30  INFO 3384 --- [fleet-track-backend] [           main] o.s.m.s.b.SimpleBrokerMessageHandler     : Starting...
2026-02-20T17:14:31.315+05:30  INFO 3384 --- [fleet-track-backend] [           main] o.s.m.s.b.SimpleBrokerMessageHandler     : BrokerAvailabilityEvent[available=true, SimpleBrokerMessageHandler [org.springframework.messaging.simp.broker.DefaultSubscriptionRegistry@414f87a9]]
2026-02-20T17:14:31.318+05:30  INFO 3384 --- [fleet-track-backend] [           main] o.s.m.s.b.SimpleBrokerMessageHandler     : Started.
2026-02-20T17:14:31.428+05:30  INFO 3384 --- [fleet-track-backend] [           main] c.f.backend.FleetTrackApplication        : Started FleetTrackApplication in 22.643 seconds (process running for 26.183)
2026-02-20T17:15:31.030+05:30  INFO 3384 --- [fleet-track-backend] [MessageBroker-1] o.s.w.s.c.WebSocketMessageBrokerStats    : WebSocketSession[0 current WS(0)-HttpStream(0)-HttpPoll(0), 0 total, 0 closed abnormally (0 connect failure, 0 send limit, 0 transport error)], stompSubProtocol[processed CONNECT(0)-CONNECTED(0)-DISCONNECT(0)], stompBrokerRelay[null], inboundChannel[pool size = 0, active threads = 0, queued tasks = 0, completed tasks = 0], outboundChannel[pool size = 0, active threads = 0, queued tasks = 0, completed tasks = 0], sockJsScheduler[pool size = 1, active threads = 1, queued tasks = 0, completed tasks = 0]
2026-02-20T17:17:31.676+05:30  INFO 3384 --- [fleet-track-backend] [nio-8081-exec-9] o.a.c.c.C.[Tomcat].[localhost].[/]       : Initializing Spring DispatcherServlet 'dispatcherServlet'
2026-02-20T17:17:31.677+05:30  INFO 3384 --- [fleet-track-backend] [nio-8081-exec-9] o.s.web.servlet.DispatcherServlet        : Initializing Servlet 'dispatcherServlet'
2026-02-20T17:17:31.681+05:30  INFO 3384 --- [fleet-track-backend] [nio-8081-exec-9] o.s.web.servlet.DispatcherServlet        : Completed initialization in 2 ms
Received spawn request: SpawnRequest[vehicleType=car, route={coordinates=[[77.718199, 12.976602], [77.7182, 12.976617], [77.718243, 12.977197], [77.718246, 12.977245], [77.717654, 12.977292], [77.717262, 12.977318], [77.716713, 12.977367], [77.716356, 12.977399], [77.716185, 12.977423], [77.714962, 12.977605], [77.714901, 12.977617], [77.714293, 12.977704], [77.71421, 12.977716], [77.714169, 12.977722], [77.714187, 12.977823], [77.714225, 12.977817], [77.71458, 12.977765], [77.714817, 12.977723], [77.714927, 12.977707], [77.715869, 12.977576], [77.716362, 12.9775], [77.717179, 12.977408], [77.717203, 12.977406], [77.718104, 12.977336], [77.718246, 12.977325], [77.718304, 12.977322], [77.718524, 12.97731], [77.718826, 12.977294], [77.718972, 12.977296], [77.71903, 12.977294], [77.719182, 12.977293], [77.719266, 12.977289], [77.71935, 12.977282], [77.721068, 12.977108], [77.721453, 12.977072], [77.721572, 12.97706], [77.721738, 12.977045], [77.721803, 12.977039], [77.723094, 12.976898], [77.723215, 12.976891], [77.723573, 12.976866], [77.723788, 12.976832], [77.723932, 12.97681], [77.724186, 12.976784], [77.724687, 12.97674], [77.725584, 12.976664], [77.725786, 12.976642], [77.725917, 12.976634], [77.72602, 12.97663], [77.726242, 12.97662], [77.726303, 12.976616], [77.726631, 12.976617], [77.726705, 12.976614], [77.726757, 12.976611], [77.726852, 12.976604], [77.726911, 12.976601], [77.726946, 12.976641], [77.726989, 12.976681], [77.727048, 12.976764], [77.727125, 12.976876], [77.727149, 12.977256], [77.727152, 12.977313], [77.727159, 12.977469], [77.727215, 12.978576], [77.727253, 12.979115], [77.727301, 12.980038], [77.727302, 12.980078], [77.727314, 12.980168], [77.727327, 12.980244], [77.727343, 12.98034], [77.727357, 12.980438], [77.727515, 12.981199]], type=LineString}]
